=== 2026-10-10T00:20:00Z ===
ok pools=8494 runners=34 trades=21018 fresh=40 watched=25
soft_errors: 429 on /networks/solana/pools/multi/Gs1vgiLJxXtX8a46oPX9rhjea9HdVCHDdJU5K9x34EwK,CYhf7SoxV4pWBMdmw47jFaVztZzAPagYouFQu12NweBY,DtW6J5ZEmmPpYT9o1Q2Rd6PBNZrGLe4RQq53WzmbFGx8,3dBySrjYL2jbVjS3ncbxgiv9CJFEnZbPh1D8onJv1GWF,DMhDuYSUoUydMiyAkJuHtaWtXRrBo9KcwNXfCD9G6tQU,5RRvkkFSnqJLxC2LWoZZxZF7eff5ccXkdKy6TibundhX,D19hzsiWCN3cJmRWtKnpPdiUSFtFcFwH7jNEgcc3cMh5,BuUUBysmJzU9GGvmCfsi1FHLqjRGhVXmmK2bJQyZ3KFn,Et4na3P1eHXXKJxeXW6KUvdQzkXCXzFfCj8nQQTBwgPZ,GZ91s9S3dPJ8TP8PvqbfkzyvYZfDDiXTucFx6521kNfe,HWdWozmQE2HDryJWNfyVncQNc8gydQkB2Xh6Xa4Y7yq5,F4iP5FNYJEUeFReibU56ycNDDNLC32FYHx2A5PHqfKC1,4bNh3WP3JtoaszL92xkTL5rFJG6YYmxJV1FACdiFFx8J,FU2gttrhPqevd53R2MtMe6dNBzVB56pksLLMni6AAYtc,D5ndRJ5bg63QVW8J21Z5tAYrKCJ8Ltw2vfseY8npXA5M,9Jv2W9Wfuw96jDH5eT8ryEAYLdgQUGeVQVH9cffzmvYj,9zWVoCvuhQ4iSWqvfHMGz9zkjSL5tR3jizzW7eVxsf3R,FuTF9ttiMA4mEfbfkNihKonS8sCmUf878cSoi9ivUU3n,5j1crK6L3kAaawwmaa72wegm5YpiqYU7tz491amEePq9,FRoE45zVVFqJxdYWwi4XeELmsuwETJEF9JQd3weuQoPY,BVQxxBAZnSKmVgeC2JkG1gJnggG5TpgdkseWw5AdsjbQ,DhWRfYPHJ6eaqYSzVf2e3GiWHeUHiFQgyV99oQUT732X,Bgyj5mjhNaaiLJWHb1YjrNSDfGKNNg2HMoXfXMXum6Zf,HPQ373PtszDRaEB3GLbUe3N4UD7fNFVnAqi8crbjhb2y,4LHDBDHPHQQeNDHeXHD8p9mXgCkU9JwaCM8oAGWXAsqK; 429 on /networks/solana/pools/multi/Gs1vgiLJxXtX8a46oPX9rhjea9HdVCHDdJU5K9x34EwK,CYhf7SoxV4pWBMdmw47jFaVztZzAPagYouFQu12NweBY,DtW6J5ZEmmPpYT9o1Q2Rd6PBNZrGLe4RQq53WzmbFGx8,3dBySrjYL2jbVjS3ncbxgiv9CJFEnZbPh1D8onJv1GWF,DMhDuYSUoUydMiyAkJuHtaWtXRrBo9KcwNXfCD9G6tQU,5RRvkkFSnqJLxC2LWoZZxZF7eff5ccXkdKy6TibundhX,D19hzsiWCN3cJmRWtKnpPdiUSFtFcFwH7jNEgcc3cMh5,BuUUBysmJzU9GGvmCfsi1FHLqjRGhVXmmK2bJQyZ3KFn,Et4na3P1eHXXKJxeXW6KUvdQzkXCXzFfCj8nQQTBwgPZ,GZ91s9S3dPJ8TP8PvqbfkzyvYZfDDiXTucFx6521kNfe,HWdWozmQE2HDryJWNfyVncQNc8gydQkB2Xh6Xa4Y7yq5,F4iP5FNYJEUeFReibU56ycNDDNLC32FYHx2A5PHqfKC1,4bNh3WP3JtoaszL92xkTL5rFJG6YYmxJV1FACdiFFx8J,FU2gttrhPqevd53R2MtMe6dNBzVB56pksLLMni6AAYtc,D5ndRJ5bg63QVW8J21Z5tAYrKCJ8Ltw2vfseY8npXA5M,9Jv2W9Wfuw96jDH5eT8ryEAYLdgQUGeVQVH9cffzmvYj,9zWVoCvuhQ4iSWqvfHMGz9zkjSL5tR3jizzW7eVxsf3R,FuTF9ttiMA4mEfbfkNihKonS8sCmUf878cSoi9ivUU3n,5j1crK6L3kAaawwmaa72wegm5YpiqYU7tz491amEePq9,FRoE45zVVFqJxdYWwi4XeELmsuwETJEF9JQd3weuQoPY,BVQxxBAZnSKmVgeC2JkG1gJnggG5TpgdkseWw5AdsjbQ,DhWRfYPHJ6eaqYSzVf2e3GiWHeUHiFQgyV99oQUT732X,Bgyj5mjhNaaiLJWHb1YjrNSDfGKNNg2HMoXfXMXum6Zf,HPQ373PtszDRaEB3GLbUe3N4UD7fNFVnAqi8crbjhb2y,4LHDBDHPHQQeNDHeXHD8p9mXgCkU9JwaCM8oAGWXAsqK
watch exit 0
SW_BUY_CONVERGENCE Mouse | ⭐⭐ FRESH migrated <15m, MC<$100K | wallet record BLHuFV 15/23,CAcSDu 2/3 | 2 judged wallets | scores=67,65 | tier=JUDGED | sol=0.30,0.30 | last buy 05:50 IST | mcap=$78,342 liq=$23,261 | coord=LOOSE | https://dexscreener.com/solana/hy55PGKUaaWbt6AQS3mWUCrGLbBuL5dhder15Hbpump
# credits used 135, wallets 44
smart_wallets exit 0
snapshot_mcap: snapshotted 2521 pools at 2026-10-10T00:22:05Z
snapshot exit 0
exits: top=5 new_sells=0
buy_radar: top=5 new_top_buys=0
buy_convergence: good=33 new_good_buys=0
=== 2026-10-10T00:49:44Z ===
ok pools=8534 runners=34 trades=21073 fresh=40 watched=25
watch exit 0
SW_BUY_CONVERGENCE JUANITO | wallet record G1U2A8 6/10,BLHuFV 15/23 | 2 judged wallets | scores=70,67 | tier=JUDGED | sol=2.22,0.51 | last buy 06:12 IST | mcap=$5,151 liq=$0 | coord=NONE | https://dexscreener.com/solana/DzrhHidK7nt9rtXYzKWvQvHitAywjGeDYhnTyEWZpump
# credits used 132, wallets 44
smart_wallets exit 0
snapshot_mcap: snapshotted 2505 pools at 2026-10-10T00:50:48Z
snapshot exit 0
exits: top=5 new_sells=0
buy_radar: top=5 new_top_buys=0
buy_convergence: good=33 pools_with_new_buys=1 fired=0
=== 2026-10-10T01:08:03Z ===
ok pools=8570 runners=34 trades=21147 fresh=36 watched=25
soft_errors: 429 on /networks/solana/pools/multi/7GQL9Tz1bFLnkGKoUPbwuKLhBjdjLGSvKMB5Tm9JHCjr,84F5goTGYE6NpmDGUGVJVMQK6NiQqZw25M8rgVcps7WV,DJEw17ZZCL2ZWEPMxsQP9SCHo2sLHsfktnb4cYYENACh,3EmhycA3kpGoVdCaoU2XgvGC6GTGAXnJzAw59JJrHj2m,7iwzvVTJA8Z2wjCsBPEmSfZiF6bjt353bRpAhk8KXZTa,EYNqmJroYKUKnS8TEz5eJMnafWRaEHHThq21sqh2daxz,2SWXm8UieoHaoDQ35U8C6TDto95yhJtsadzWqQ4p2Lj7,CeYc9oQwGZJ5BUYW9ecLu5xCMKevSFqbohqCmH16EssF,GBsG54mH2ofGHAy4DtYGoKyoPAHwaPfBaVEPWP7o5i6V,12GmMZngUZrBRE1LRoisQaPrq2GbqurkhkJ3BCLto4Vc,3ypvxfcntuj1JJcpMy2gN1nibjd9gq9rSzPhsfwpgXRh,AEFf7HMhQkaLZHfsp658i4FsBaqQw5S4gS7KD28yfuyx,HjdhfNtM6PwQwLEn5wxre6px1xjEoQc9nm55UUEf9rMd,2nSy2yEfcn5iHpEGSMKBWXoQzAeYKjpNZTXCvRjTXdYT,M6sw2eJktBSaMCpwm7WwoDDZA4jkwyQxqxwGRPJzSNp,D2wb1aQxYsRezxPf4inugwKCNEnnnk4eU6qyYQTb2hUX,DF43CWZjL1ZSH8sF4ErGaKYBWMb9xjgeVM58BsQ7MJdt,4gkjknmHwyfSWFvqhBbRvDL5kNFwqXnkMab1AytTiYgS,7QvXGmfNkMQ25Kc75X1SXxtFGb59nPcxVPKnhpF4q8Mk,FHuJXUs98orSrKQ62b1b2eeKXJYPfk26EJeYJAPqYRpu,44Ff7Xcu9GDtXKWXZ7oYA3cKgC3ycPRFnEZCreGYVUPT,5KNjDNSUpHtcFNxkMMypqWox3crfeAcX1CbJXSAcAqUf,H75pjF3Cmj3ztUhxWr3JeUipgqgi4E4zhuKbgQUMBGSr,7BapwA571cVUtd9iYJDz6jgyt37cCBz3nxr2McLihLa9,4rzsNRGnSKxkbcek1aUc4wgsMuit8gnC325bWJ1npVvP; 429 on /networks/solana/pools/multi/7GQL9Tz1bFLnkGKoUPbwuKLhBjdjLGSvKMB5Tm9JHCjr,84F5goTGYE6NpmDGUGVJVMQK6NiQqZw25M8rgVcps7WV,DJEw17ZZCL2ZWEPMxsQP9SCHo2sLHsfktnb4cYYENACh,3EmhycA3kpGoVdCaoU2XgvGC6GTGAXnJzAw59JJrHj2m,7iwzvVTJA8Z2wjCsBPEmSfZiF6bjt353bRpAhk8KXZTa,EYNqmJroYKUKnS8TEz5eJMnafWRaEHHThq21sqh2daxz,2SWXm8UieoHaoDQ35U8C6TDto95yhJtsadzWqQ4p2Lj7,CeYc9oQwGZJ5BUYW9ecLu5xCMKevSFqbohqCmH16EssF,GBsG54mH2ofGHAy4DtYGoKyoPAHwaPfBaVEPWP7o5i6V,12GmMZngUZrBRE1LRoisQaPrq2GbqurkhkJ3BCLto4Vc,3ypvxfcntuj1JJcpMy2gN1nibjd9gq9rSzPhsfwpgXRh,AEFf7HMhQkaLZHfsp658i4FsBaqQw5S4gS7KD28yfuyx,HjdhfNtM6PwQwLEn5wxre6px1xjEoQc9nm55UUEf9rMd,2nSy2yEfcn5iHpEGSMKBWXoQzAeYKjpNZTXCvRjTXdYT,M6sw2eJktBSaMCpwm7WwoDDZA4jkwyQxqxwGRPJzSNp,D2wb1aQxYsRezxPf4inugwKCNEnnnk4eU6qyYQTb2hUX,DF43CWZjL1ZSH8sF4ErGaKYBWMb9xjgeVM58BsQ7MJdt,4gkjknmHwyfSWFvqhBbRvDL5kNFwqXnkMab1AytTiYgS,7QvXGmfNkMQ25Kc75X1SXxtFGb59nPcxVPKnhpF4q8Mk,FHuJXUs98orSrKQ62b1b2eeKXJYPfk26EJeYJAPqYRpu,44Ff7Xcu9GDtXKWXZ7oYA3cKgC3ycPRFnEZCreGYVUPT,5KNjDNSUpHtcFNxkMMypqWox3crfeAcX1CbJXSAcAqUf,H75pjF3Cmj3ztUhxWr3JeUipgqgi4E4zhuKbgQUMBGSr,7BapwA571cVUtd9iYJDz6jgyt37cCBz3nxr2McLihLa9,4rzsNRGnSKxkbcek1aUc4wgsMuit8gnC325bWJ1npVvP
watch exit 0
SW_BUY_CONVERGENCE Never | wallet record BLHuFV 15/23,A4BzUv 13/14 | 2 judged wallets | scores=67,67 | tier=JUDGED | sol=0.51,0.83 | last buy 06:36 IST | mcap=$4,528 liq=$0 | coord=NONE | https://dexscreener.com/solana/36hxarcXyaVsNe2cLzoatHHNbd9jP9Bcgo5bq8mBpump
# credits used 134, wallets 44
smart_wallets exit 0
snapshot_mcap: snapshotted 2507 pools at 2026-10-10T01:10:04Z
snapshot exit 0
exits: top=5 new_sells=0
buy_radar: top=5 new_top_buys=0
buy_convergence: good=33 new_good_buys=0
=== 2026-10-10T01:29:17Z ===
ok pools=8592 runners=34 trades=21222 fresh=22 watched=25
soft_errors: 429 on /networks/solana/pools/multi/4pCeQwVudZGy8pdjXeMTuuThtKvogZXy94tgKbouou3m,DD6U3NrSjnrmkSNSzTyxTMmvA9HtxejnmysQiaUbevFe,BpddMEwsF9Szi4QR724nFRKFkGGYhAtz1sqJqoBgCCU8,J2riFPXcqMUYEKtvxUKg3SJixooHo2thSme1bd4HG7QH,BE331Efamh9KuWnJ6cbHMC4ZnWmKp8cjt1qqVZiRvYNu,HDetTYTe3K6LHf4mvbc9zmkCZoRkSNQPxtQ4NqbuNZhH,CfxoE9XVmJLFRGP3zQeB6ALR13UaEbQDTofVWP5rV6iE,5GTfuw6T1jiEkX79rmS88CLERhkPhqM87dNs4uUXuJbU,C5EpHCnwF5o8S3CLjHfKGLVFAWMoVimrjHW8BjpuMw7e,F6sBeiC7MmoGxn57FJU7rV64dsqMTGtJMUqovZ9ZnoDR,Pg578QwyFHr9C4dDhvsmWNzksNgDk7EmhvrgGuS4EGW,5xJ5jBjdBg5W5cJNkDHmC5qVi5e6hsvMK6DKaqVGsFcG,BjMxYG9jQ6u9umnaYevL4dQUftj7yf1uhu7ebHnsAsmM,7GQL9Tz1bFLnkGKoUPbwuKLhBjdjLGSvKMB5Tm9JHCjr,84F5goTGYE6NpmDGUGVJVMQK6NiQqZw25M8rgVcps7WV,DJEw17ZZCL2ZWEPMxsQP9SCHo2sLHsfktnb4cYYENACh,3EmhycA3kpGoVdCaoU2XgvGC6GTGAXnJzAw59JJrHj2m,7iwzvVTJA8Z2wjCsBPEmSfZiF6bjt353bRpAhk8KXZTa,EYNqmJroYKUKnS8TEz5eJMnafWRaEHHThq21sqh2daxz,2SWXm8UieoHaoDQ35U8C6TDto95yhJtsadzWqQ4p2Lj7,CeYc9oQwGZJ5BUYW9ecLu5xCMKevSFqbohqCmH16EssF,GBsG54mH2ofGHAy4DtYGoKyoPAHwaPfBaVEPWP7o5i6V,12GmMZngUZrBRE1LRoisQaPrq2GbqurkhkJ3BCLto4Vc,3ypvxfcntuj1JJcpMy2gN1nibjd9gq9rSzPhsfwpgXRh,AEFf7HMhQkaLZHfsp658i4FsBaqQw5S4gS7KD28yfuyx
watch exit 0
# credits used 120, wallets 44
smart_wallets exit 0
snapshot_mcap: snapshotted 2520 pools at 2026-10-10T01:30:38Z
snapshot exit 0
exits: top=5 new_sells=0
buy_radar: top=5 new_top_buys=0
buy_convergence: good=33 new_good_buys=0
=== 2026-10-10T01:49:07Z ===
ok pools=8615 runners=34 trades=21252 fresh=23 watched=25
soft_errors: 429 on /networks/solana/pools/multi/4LpgTKLCZU4zmSPu3XrBuvfwiiZTNf7EaJ5azCkMvyS5,H81ueN8HsKnGeaoDSqDHh11WxTACUP9EZbP5pHZLYDrK,53pUsuDLYz3gFHGk8uGEZARADdnK2Rh1VWaEwCCLfwi2,C7Z7fWbMFHJ6Z68Z7AtwKEfTpaLosqxkJxnL2BYy3QVG,A5jN3nqWzoSwpUKqT6PmSReD7XoEHGhd5vaQKpNkTPm7,13rJuaACnCX9dK7ATh9MjT2U1nTgchro5XixGjTvLb8,8hAFneTDProQu7NSyceHNkwDegfXMfK4Z5N1saEBnyuZ,4CtYHMSK6Kz2RLDDPWbfS6vNts9Y7PyQ9Nh77m7DJVvo,3iwZvDmGLyXohqFscedu77HUbFGwWQ64SQmnXgxSAd2T,DYDiYewNNBBv7bCSpo8G2WqkpQnVgJTNXssSU2CViXT7,7EDsEridrfmFanCKH9aBjL94dVAfMigVgsY6h18DwG1E,HMJqUcWhisdLdb8H3MheUbAGBZr8r5AKmduSfgWChBur,4pCeQwVudZGy8pdjXeMTuuThtKvogZXy94tgKbouou3m,DD6U3NrSjnrmkSNSzTyxTMmvA9HtxejnmysQiaUbevFe,BpddMEwsF9Szi4QR724nFRKFkGGYhAtz1sqJqoBgCCU8,J2riFPXcqMUYEKtvxUKg3SJixooHo2thSme1bd4HG7QH,BE331Efamh9KuWnJ6cbHMC4ZnWmKp8cjt1qqVZiRvYNu,HDetTYTe3K6LHf4mvbc9zmkCZoRkSNQPxtQ4NqbuNZhH,CfxoE9XVmJLFRGP3zQeB6ALR13UaEbQDTofVWP5rV6iE,5GTfuw6T1jiEkX79rmS88CLERhkPhqM87dNs4uUXuJbU,C5EpHCnwF5o8S3CLjHfKGLVFAWMoVimrjHW8BjpuMw7e,F6sBeiC7MmoGxn57FJU7rV64dsqMTGtJMUqovZ9ZnoDR,Pg578QwyFHr9C4dDhvsmWNzksNgDk7EmhvrgGuS4EGW,5xJ5jBjdBg5W5cJNkDHmC5qVi5e6hsvMK6DKaqVGsFcG,BjMxYG9jQ6u9umnaYevL4dQUftj7yf1uhu7ebHnsAsmM
watch exit 0
# credits used 120, wallets 44
smart_wallets exit 0
snapshot_mcap: snapshotted 2513 pools at 2026-10-10T01:50:25Z
snapshot exit 0
exits: top=5 new_sells=0
buy_radar: top=5 new_top_buys=0
buy_convergence: good=33 new_good_buys=0
=== 2026-10-10T02:02:28Z ===
ok pools=8637 runners=34 trades=21268 fresh=22 watched=25
watch exit 0
# credits used 120, wallets 44
smart_wallets exit 0
snapshot_mcap: snapshotted 2529 pools at 2026-10-10T02:03:30Z
snapshot exit 0
exits: top=5 new_sells=0
buy_radar: top=5 new_top_buys=0
buy_convergence: good=33 new_good_buys=0
=== 2026-10-10T02:25:01Z ===
ok pools=8676 runners=34 trades=21342 fresh=39 watched=25
soft_errors: 429 on /networks/solana/pools/multi/EzVupSurMwYaaL7WWH3FwGynqWVMbR7d9biuXrZrFPRX,CYrMhLdM3KEqCuyPP6NJChHioL8NigbGfajJ1NimcPhw,6mnyHPida25K6cuVEzDhH42WkAgXspyr8zkjmXd2B2eu,5TNvtsHUDwsMBJqgDtrRYiTqBC5KiNRu4P4rJEhuYdBk,9DmV6CHqF9F9nAtoXt69mtoGA7EqXkAKQmi6VA7osvqS,7D2gGhcPVPZzVhJEfUzQNPSqD2XfB6HpSzuwcjXWHGdm,7s8RGmHCqX81vJAkWYXGvbZFEijpfwQzhq4ta2JSJwrr,68V8NwDyCXun7W11T24mKoohi8zASKo2iUBtDAuP8aim,EteExvFyYNM4RrwGub2cUHz2HQ1n1M4XVcchWiW55Q62,EYuYgpqLxzui27tzVSZhtP11w7SnbgqzWp48kg8ZXGXY,7q4on4DPzrzmJgiJ4nBTN91NrqMWky8hPDUQNkemFgop,8Y45LwYtvM4zHSJ3x4PqKXniodpyBhoMm1hU1z7ymamH,F5RcvuuCe2BmBvKAfXe5fTPZkLAwN8jFDKDS3figEDmu,4eAgETCNEQt4DXe1LV8wuMxeZNiuDto2RG9KKx3Rmia7,AsoPfRM4C6ggMH7q6MAu2SCuGZyMTYErXHEzbhvaddkj,E1XhyE33iQHQ72Sr97rX3UQEAW7ekHojxMXrEcT6x4Ko,6muWXbMcT2mUtc43T64UE3g34GzWfo7v29i1erGBPTrG,Abqaks2aTM6vD7NtaZYAt4ZVN75wrq5JEpCTKiCeZyiM,21QAh1uY79HYLvNPhrkdQzJJc9Jp86ZGDnzURmog2j4d,5z9rVLxVSuXvEr7Hmz3jukiv2T2CHT8UJpG8KEo8M4Q6,9bP4MF59q66medBRgw6nC37BnhFZpGpM1VCv7cYmVWRv,EpyesNz9DpndQtVTGPhP3mbJe7nuSppfVeykv65PuMAn,Fm7fp1QuExtdobxD2LREJSggcczLqFEZ7RpnPNmhvyn1,AKveByubbt1G7VrUfdpzfouWurJKbyLzt5tfsAfoetFP,54eAnor99mG3P8KYrT182M5f3hMD5gHF18gggPcSPe8J; 429 on /networks/solana/pools/multi/EzVupSurMwYaaL7WWH3FwGynqWVMbR7d9biuXrZrFPRX,CYrMhLdM3KEqCuyPP6NJChHioL8NigbGfajJ1NimcPhw,6mnyHPida25K6cuVEzDhH42WkAgXspyr8zkjmXd2B2eu,5TNvtsHUDwsMBJqgDtrRYiTqBC5KiNRu4P4rJEhuYdBk,9DmV6CHqF9F9nAtoXt69mtoGA7EqXkAKQmi6VA7osvqS,7D2gGhcPVPZzVhJEfUzQNPSqD2XfB6HpSzuwcjXWHGdm,7s8RGmHCqX81vJAkWYXGvbZFEijpfwQzhq4ta2JSJwrr,68V8NwDyCXun7W11T24mKoohi8zASKo2iUBtDAuP8aim,EteExvFyYNM4RrwGub2cUHz2HQ1n1M4XVcchWiW55Q62,EYuYgpqLxzui27tzVSZhtP11w7SnbgqzWp48kg8ZXGXY,7q4on4DPzrzmJgiJ4nBTN91NrqMWky8hPDUQNkemFgop,8Y45LwYtvM4zHSJ3x4PqKXniodpyBhoMm1hU1z7ymamH,F5RcvuuCe2BmBvKAfXe5fTPZkLAwN8jFDKDS3figEDmu,4eAgETCNEQt4DXe1LV8wuMxeZNiuDto2RG9KKx3Rmia7,AsoPfRM4C6ggMH7q6MAu2SCuGZyMTYErXHEzbhvaddkj,E1XhyE33iQHQ72Sr97rX3UQEAW7ekHojxMXrEcT6x4Ko,6muWXbMcT2mUtc43T64UE3g34GzWfo7v29i1erGBPTrG,Abqaks2aTM6vD7NtaZYAt4ZVN75wrq5JEpCTKiCeZyiM,21QAh1uY79HYLvNPhrkdQzJJc9Jp86ZGDnzURmog2j4d,5z9rVLxVSuXvEr7Hmz3jukiv2T2CHT8UJpG8KEo8M4Q6,9bP4MF59q66medBRgw6nC37BnhFZpGpM1VCv7cYmVWRv,EpyesNz9DpndQtVTGPhP3mbJe7nuSppfVeykv65PuMAn,Fm7fp1QuExtdobxD2LREJSggcczLqFEZ7RpnPNmhvyn1,AKveByubbt1G7VrUfdpzfouWurJKbyLzt5tfsAfoetFP,54eAnor99mG3P8KYrT182M5f3hMD5gHF18gggPcSPe8J
watch exit 0
SW_BUY_CONVERGENCE QUANT | wallet record BLHuFV 17/27,57Vuvf 1/2 | 2 judged wallets | scores=67,70 | tier=JUDGED | sol=0.30,1.01 | last buy 07:56 IST | mcap=$11,425 liq=$0 | coord=LOOSE | https://dexscreener.com/solana/6LChGSaKeBUoZGkiNc8z3ZB2rttv7pg1XBPaQJ2rpump
# credits used 131, wallets 44
smart_wallets exit 0
snapshot_mcap: snapshotted 2540 pools at 2026-10-10T02:27:05Z
snapshot exit 0
exits: top=5 new_sells=0
buy_radar: top=5 new_top_buys=0
buy_convergence: good=33 new_good_buys=0
=== 2026-10-10T02:45:01Z ===
ok pools=8702 runners=34 trades=21402 fresh=26 watched=25
soft_errors: 429 on /networks/solana/pools/multi/9ckFL8FaJVADBMojhVcfL3SSudgwkgrJpCyPJX2rb58w,FqvEuZxHWGqyGs3bjWYUUhQMH1Dd8SQEGSLXUYQXRzxJ,8JXmrvMHLB1cgtH3oyY4a6XQ7cX2hUk1LZ4wgbisuTH6,HvmfDqJk4TkMjDm1C7vB4gdZyWLsVuEGZVBztrx5qEpi,631gx1ddLC44r9V4QvzBNsjr23L5QqBc176X17Ljk2Xc,7uT3mVWV2cYR1YCtkit4ANL4mJd6NCXb4eRvNgMmgcVg,FNRjnSL5yCvpzoTmZj7h6dcsNULZWfV3rxj2SrmQ9Y9R,7MyoKZkEfMzqRbKZGc98z5rcHokvHxFzNaXXG9pvgszY,A3awNCv7eQKVGk7pmJ1M8NoN1ZuCe7LVZ4FwS9YgzRzm,49V384m4hAShE6JfQdu3Dqi3d7neTfKXVZKgbGJcyoBn,3cedXTsv4ZnfkZJ3iDPtdr4dpQZLNzHWDcszTvwyc5gX,Bxiba3R11kiR6FnjQ2rq3anKvSb9SvwC2Qe8qf81gYQ8,GwjrhKYTfkaWqQ95H955BnnXncNwa4xt9Viu5XJJZQAP,97RjfFrEDrPA2y5CsX4tT4ZzLLDsiW888c7NoKRFiZrQ,2rDmjWDdzm34zugiaJVPAUmYfHgcAtBaq7yFwJKukBbm,DDr1fBrcr6tjQruYpxCWSRNRkmjMpYnDswYT5w4dqvP8,6ES7M5w1h61DehQjts2AYLVcdfRNAJquetAYHSb2nYHC,EzVupSurMwYaaL7WWH3FwGynqWVMbR7d9biuXrZrFPRX,CYrMhLdM3KEqCuyPP6NJChHioL8NigbGfajJ1NimcPhw,6mnyHPida25K6cuVEzDhH42WkAgXspyr8zkjmXd2B2eu,5TNvtsHUDwsMBJqgDtrRYiTqBC5KiNRu4P4rJEhuYdBk,9DmV6CHqF9F9nAtoXt69mtoGA7EqXkAKQmi6VA7osvqS,7D2gGhcPVPZzVhJEfUzQNPSqD2XfB6HpSzuwcjXWHGdm,7s8RGmHCqX81vJAkWYXGvbZFEijpfwQzhq4ta2JSJwrr,68V8NwDyCXun7W11T24mKoohi8zASKo2iUBtDAuP8aim; 429 on /networks/solana/pools/multi/9ckFL8FaJVADBMojhVcfL3SSudgwkgrJpCyPJX2rb58w,FqvEuZxHWGqyGs3bjWYUUhQMH1Dd8SQEGSLXUYQXRzxJ,8JXmrvMHLB1cgtH3oyY4a6XQ7cX2hUk1LZ4wgbisuTH6,HvmfDqJk4TkMjDm1C7vB4gdZyWLsVuEGZVBztrx5qEpi,631gx1ddLC44r9V4QvzBNsjr23L5QqBc176X17Ljk2Xc,7uT3mVWV2cYR1YCtkit4ANL4mJd6NCXb4eRvNgMmgcVg,FNRjnSL5yCvpzoTmZj7h6dcsNULZWfV3rxj2SrmQ9Y9R,7MyoKZkEfMzqRbKZGc98z5rcHokvHxFzNaXXG9pvgszY,A3awNCv7eQKVGk7pmJ1M8NoN1ZuCe7LVZ4FwS9YgzRzm,49V384m4hAShE6JfQdu3Dqi3d7neTfKXVZKgbGJcyoBn,3cedXTsv4ZnfkZJ3iDPtdr4dpQZLNzHWDcszTvwyc5gX,Bxiba3R11kiR6FnjQ2rq3anKvSb9SvwC2Qe8qf81gYQ8,GwjrhKYTfkaWqQ95H955BnnXncNwa4xt9Viu5XJJZQAP,97RjfFrEDrPA2y5CsX4tT4ZzLLDsiW888c7NoKRFiZrQ,2rDmjWDdzm34zugiaJVPAUmYfHgcAtBaq7yFwJKukBbm,DDr1fBrcr6tjQruYpxCWSRNRkmjMpYnDswYT5w4dqvP8,6ES7M5w1h61DehQjts2AYLVcdfRNAJquetAYHSb2nYHC,EzVupSurMwYaaL7WWH3FwGynqWVMbR7d9biuXrZrFPRX,CYrMhLdM3KEqCuyPP6NJChHioL8NigbGfajJ1NimcPhw,6mnyHPida25K6cuVEzDhH42WkAgXspyr8zkjmXd2B2eu,5TNvtsHUDwsMBJqgDtrRYiTqBC5KiNRu4P4rJEhuYdBk,9DmV6CHqF9F9nAtoXt69mtoGA7EqXkAKQmi6VA7osvqS,7D2gGhcPVPZzVhJEfUzQNPSqD2XfB6HpSzuwcjXWHGdm,7s8RGmHCqX81vJAkWYXGvbZFEijpfwQzhq4ta2JSJwrr,68V8NwDyCXun7W11T24mKoohi8zASKo2iUBtDAuP8aim
watch exit 0
# credits used 120, wallets 44
smart_wallets exit 0
snapshot_mcap: snapshotted 2536 pools at 2026-10-10T02:47:01Z
snapshot exit 0
exits: top=5 new_sells=0
buy_radar: top=5 new_top_buys=0
buy_convergence: good=33 new_good_buys=0
=== 2026-10-10T03:00:00Z ===
ok pools=8742 runners=34 trades=21453 fresh=40 watched=25
soft_errors: 429 on /networks/solana/pools/multi/38aqWXK7HMUxQnHJFHN4to4hdrYxcaCWTijn8EqrYgkP,E8xTDNcPwybSg6dkzzj2mzN38nCwD7GvQfXm2TpJHsKw,C1466SBgVG2BCosFr6iEN6ZBCQgXLEqxfvZcpmg5vg41,DNLs4WhfYAyGnL4y4yEt8pYjiYpHPieZggX4PaCZuQzb,7pJCLW2VtsyZ9pykaWR67ZNU4ktGNjM8p4VRmBWKGzwp,FqKq7pzV2gZXgb8Vqutkm8V2WeEdAmQodWf42ohCW3cj,DL6o8DoM9ZJS5Zkzc1T7bTpsKeFH8mQwZsGobW3sAJms,9x67tccJjnnnTJHD4pncT8QQpkUSduQ5V1kBvmxX6oTE,5sGc2vhrSG5kp8k7QK1aBrYuebVrm54x8hJYMbVaVjNf,CkbqQtEtVDAncZjJATmz5DLQvzFacH1eHPtxxUBrJ5fk,68sE1YnC2zarLKCrt7zUTuTW1vE6XRcgf9Pj3JbgSNbN,4ECP57orEyDFDxfPZ4pNkLiW6FsPievG6rxSmGyZGdry,D7dPqRQHw5bT5EKsiCUDwVPAheJtcnKmQZ1nbrC19q8o,FrzuyUC3TrdFVwfms2H1hqAkns2gWT4chshMHVdLPxGH,AwShcCYpKf4VCwaYKeKcYysY54GUVKscdT6abwPTEBJg,Hjhf4rGYP4LkRbEHXoBfuVMaqSHPPnzMVKToW3pMidvd,6pPUHrQW3FaDpfZ66vVVFFD3pTmokQWZ3aNoRJfwzRFv,5dWUEqYFbXekcqTjvcmXbSWvpxu897gAWww9QZKThtAB,BQ3NXe1Y3SiwKsT2cAQH6n5dCKGjNKBUHdQ18xzHzQpt,3ANGB4sEgRwWAgHmNLLqELgXSNgxAXdQKuiSySsc5Cwv,HKAf6nBxAKmQVUaQNXyqVipFWECrTnvHCRKxcfkkzvhk,4qgT36sp9hXwx5XJB8Y4BD1HbGXXLbMdqEEU9iHKpUU7,E4kcCoqtCqDbuG6Br2SwdmKGWvnVUvnpw7ECb9SUeHPE,94E5GGP7aonAyF7BeggrF1KdQwidacGDjYF4QKF2aXhz,8dcdshWejyVmk6HidN2Y8jWgMVyTmFqq9tq6bpzJjEeD; 429 on /networks/solana/pools/multi/38aqWXK7HMUxQnHJFHN4to4hdrYxcaCWTijn8EqrYgkP,E8xTDNcPwybSg6dkzzj2mzN38nCwD7GvQfXm2TpJHsKw,C1466SBgVG2BCosFr6iEN6ZBCQgXLEqxfvZcpmg5vg41,DNLs4WhfYAyGnL4y4yEt8pYjiYpHPieZggX4PaCZuQzb,7pJCLW2VtsyZ9pykaWR67ZNU4ktGNjM8p4VRmBWKGzwp,FqKq7pzV2gZXgb8Vqutkm8V2WeEdAmQodWf42ohCW3cj,DL6o8DoM9ZJS5Zkzc1T7bTpsKeFH8mQwZsGobW3sAJms,9x67tccJjnnnTJHD4pncT8QQpkUSduQ5V1kBvmxX6oTE,5sGc2vhrSG5kp8k7QK1aBrYuebVrm54x8hJYMbVaVjNf,CkbqQtEtVDAncZjJATmz5DLQvzFacH1eHPtxxUBrJ5fk,68sE1YnC2zarLKCrt7zUTuTW1vE6XRcgf9Pj3JbgSNbN,4ECP57orEyDFDxfPZ4pNkLiW6FsPievG6rxSmGyZGdry,D7dPqRQHw5bT5EKsiCUDwVPAheJtcnKmQZ1nbrC19q8o,FrzuyUC3TrdFVwfms2H1hqAkns2gWT4chshMHVdLPxGH,AwShcCYpKf4VCwaYKeKcYysY54GUVKscdT6abwPTEBJg,Hjhf4rGYP4LkRbEHXoBfuVMaqSHPPnzMVKToW3pMidvd,6pPUHrQW3FaDpfZ66vVVFFD3pTmokQWZ3aNoRJfwzRFv,5dWUEqYFbXekcqTjvcmXbSWvpxu897gAWww9QZKThtAB,BQ3NXe1Y3SiwKsT2cAQH6n5dCKGjNKBUHdQ18xzHzQpt,3ANGB4sEgRwWAgHmNLLqELgXSNgxAXdQKuiSySsc5Cwv,HKAf6nBxAKmQVUaQNXyqVipFWECrTnvHCRKxcfkkzvhk,4qgT36sp9hXwx5XJB8Y4BD1HbGXXLbMdqEEU9iHKpUU7,E4kcCoqtCqDbuG6Br2SwdmKGWvnVUvnpw7ECb9SUeHPE,94E5GGP7aonAyF7BeggrF1KdQwidacGDjYF4QKF2aXhz,8dcdshWejyVmk6HidN2Y8jWgMVyTmFqq9tq6bpzJjEeD
watch exit 0
# credits used 120, wallets 44
smart_wallets exit 0
snapshot_mcap: snapshotted 2561 pools at 2026-10-10T03:01:52Z
snapshot exit 0
exits: top=5 new_sells=0
buy_radar: top=5 new_top_buys=0
buy_convergence: good=33 new_good_buys=0
=== 2026-10-10T03:21:01Z ===
watch exit 124
# credits used 121, wallets 44
smart_wallets exit 0
snapshot_mcap: snapshotted 2561 pools at 2026-10-10T03:28:01Z
snapshot exit 0
exits: top=5 new_sells=0
buy_radar: top=5 new_top_buys=0
buy_convergence: good=33 new_good_buys=0
=== 2026-10-10T03:45:37Z ===
ok pools=8818 runners=44 trades=21561 fresh=40 watched=25
soft_errors: 429 on /networks/solana/pools/multi/HaVRobzi1gobaPjxLFCeskG5skwrSxo3Dh9z9FNvd5sd,G5LsUwxkxE3hztjK9ZYCQvgBzpWdJs8z95cKVJKsBQ8s,5yvdsGzgbFAqyaxLEajKgh9y9S1PuwJA1XHHVwz45fm6,35eJeEpjAFCjPrM1yuxvoQAwtJJWT3jhfhWkuk59ATkj,97Xe37Y9cEWVGu8j17tTz5sMkcd1hdTTeurfsPUJxcWC,4HBf9MiM9iCG56GyUM3RfwHPzrWCYiJzM7W2sGC8EV9S,CbMcu4ddwSYrhiJTPsxnqqUBCXk5UTFzH9ypKAyaadwp,DFjhkiZkM9M2XkQdBk7RhQfN6XfdQmdGoAaqJXBBNDbv,8QRm8qJQooqmxNhHzk6QiRteDVaUcsgoN5R5dgXSTHwE,4Rq6AJvse94C49EKV77JzzcUgV8jPhVKQd6xoyAXCzZ9,GfeSsPVzJqG4frB1cXW3CW8fTNUbScbSGBN74f8tqfpi,GqgaJUb9MRiXfVT7bC3A56P3xUQedGzHsxfFupJ9ExMX,GKaWcNXfmxvd7gZH8cH4DiA1BhhpkYMwUsgZD3BovuXD,CuGoc89WKZJXatcHZSkXyXnHjxkrKmj583VmAqopxL3r,7FzjmFTkKapsQFR9A78cuntZT1ii75uCGEheGcSRi6AJ,8aYWnAN9xmTJuY51RgkFgJAAAhLMJmTXSeoCzgGZpD3j,8mJiJ7BM8heSdtWXiBG1Vgi5H7weBMhrQH8HXrVd26aR,6MMarYKMfk8wPYVEw2zV9CTvDeX5MC2TnpwrR3QJvyA2,6M2aL3b97Fhx8SFJ2938yYf4v1mFZxc9BLMqkVy63DJ9,A1keMVpHjdYfHkdqnSoRFnjtYDqaBnjHGCXjvq8ceyzH,5edZXREvTXuLw2L8aeWqMtnMHWWx5GGG8jcR3cLtNK3w,C6FjDCYrhuz6akzsZ23yBjWeG4AknC1j7aPuBoTxPiLR,8Kg4AFqr7ogrrBj6RaVKNmuKU4qbKXzufd3z6mHaCLbh,GN1fvTimqmjHz5zNEEtS2GkLBR15iCuoFnCsj7ACB4rL,8tVV5cMStos4q82HCTqLGoic1YqYorSjueZafeNcBPZN
watch exit 0
SW_BUY_CONVERGENCE 1010 | wallet record BLHuFV 17/27,A4BzUv 12/14 | 2 judged wallets | scores=67,67 | tier=JUDGED | sol=0.30,0.96 | last buy 09:01 IST | mcap=$5,726 liq=$0 | coord=NONE | https://dexscreener.com/solana/DKL4uLwy8TpaY95oyoWsFSvv9YTCd34UGKhnKAvXpump
# credits used 129, wallets 44
smart_wallets exit 0
snapshot_mcap: snapshotted 2575 pools at 2026-10-10T03:46:57Z
snapshot exit 0
exits: top=5 new_sells=0
buy_radar: top=5 new_top_buys=0
buy_convergence: good=33 new_good_buys=0
=== 2026-10-10T04:00:33Z ===
ok pools=8856 runners=44 trades=21617 fresh=38 watched=25
soft_errors: 429 on /networks/solana/pools/multi/CGQqpSA5CZiYtp7Fg9s7omBVZzkbyGnTnckKXLBNzBM1,2QME41z3G3eCt5Bzsvd8JM4pqkcetL5DkP5R8xnrAAmE,6VsyTmrSr8AdfD24QMg5aHgAdNWhAiVxbQ55mkyCCe2m,CpBuBwe2Dkt8hNTMu6B1fgTTBhKWSUeYaJNw5W5G83cf,AH7kQurGJSoqc15jg5BYni2L4PEUumT6EvGqkR9gm7G6,EiPJrYpVNZfCmwq9yyttVEqzowHFPqVg6gahzmotw8GJ,B7DhYe2pvcS3LtkwNG1tFeFceU1CSxQtwhEoEqzvJP6A,ETfF3gPR7jwpbFaH9cWJQvjHMMrRock8GhBep2mp1SAZ,AZtXKuDvn3LSKX14w7rUUYiWaxeazcS9kyk7FskidMeJ,7VnCufHTUctanX2dUkic2oxRWGJiRcVmFMALBEqzP9Ww,9dF7qJyoJeDSiZ1cqNUbUrueR2u2231MvfpuqCo1kr5S,Bk9NVBn5TPZ1DkdapDnfk1T45CraRfE2MT2e3AA8xJRm,CeD9hfikiq56Y6XVEcaZMd2NHYRGZhc6dBn3fNMFYhxZ,EpSsFYwSXZfPuRYysgfR8xaF6hEevGccXu8tR5ynALRA,8ShWKwGnaXmhoBBLwHa8wtRUgHBz4c7RFYZfBTNhCTRg,8JX7TrVUsuRLP1LvnbtEHRuP9cKJzdz9vZNiQFbRjxmq,3hNu3Ssne8cDijP6wD7yPzQ5aRojrv9RZeq19DMBAnos,ESd7etvNTEZr2t2W7HPaTqARRvH6VQcJcpoxMJYFEbSq,9iPHuh6beuj6zPp8o1aUEA9n9xrMiYtxaSZyZMrhiT1k,9NRGGAsjdUAmctv9PaZPxS7dh4onBForVptcQsWjaNmA,GAHRwy8oYUqMhz2UpVXvuexKZr1nr85xuc9gEDnp1szy,6ETe9m5wZJni4oL3Pm7JFvp34M4XTq8NaY7Kj5nKt62M,H3j2i2gubYpe2fiiwAoRXunxxGhUqq8VNXpZdwd9s22A,ECA3eHJAQctCNz25FXC6Am3YhT6XXT3hXSXXUrYjNGbe,HaVRobzi1gobaPjxLFCeskG5skwrSxo3Dh9z9FNvd5sd
watch exit 0
# credits used 120, wallets 44
smart_wallets exit 0
snapshot_mcap: snapshotted 2599 pools at 2026-10-10T04:01:54Z
snapshot exit 0
exits: top=5 new_sells=0
buy_radar: top=5 new_top_buys=0
buy_convergence: good=33 new_good_buys=0
=== 2026-10-10T04:25:30Z ===
ok pools=8896 runners=44 trades=21667 fresh=40 watched=25
soft_errors: 429 on /networks/solana/pools/multi/DhKUxPsCY4J1wjoeyM45VYwFZFHhaiqYYBViJfHo78gp,33u4kCtEpSEaWa6DdFN7VVXckJ4j7hM4CEkLeMZPVz6b,3iqjBQUVWWUnsqdVw5gjewuF1CPpijRy3f8ppT2jxY2n,HHkik4Ccn11QAqbMttfeSiPbD6hH9eyGXsQNxFnYCouP,AMJp7rYdhejuV8BbgpGs8M2y35TwqXDaerpr3QNGXK43,Aah5qSfxp25FVx2UyDZSZ1tRgQU4DghroJq9TyBaXcpJ,5sH4N13uVxYDmYCpWvT2kvYwDmLwe5AWmAaJ7ZP4NinD,BVn5c4wTNSLCkgb8Wi1HRmokrWxvRhrqMGUsTmv8QLr7,54FvEAbo9sKNFMD3Tbz8v81B4sGASpx4iknAu6k2qdPQ,GQ4FM1FyyG2q675vmjequXgncNJKGyEKTSKyegSa6mcA,DdJHuDcmjW8mYiiwYZY8q45tY3PWZkZvuCoGniifjQqM,CxWBtCXohuDmZ6RWHT15xfR87rBxB6VGuhgGunMiAeeh,GydsUkXMepwXsTRTVarkHcmJWUmrJ1gMSoeyk4tgbtLn,GdRtMhjF7zLPaCqmeZ85Fu7qYE6sF6FY9tcTURwrXM6a,D8JNHKRWAeeSqQwGaw3rwaHR3qwx5qBBbRUjhnHCQTYf,3YHcPKizBkTN8JCw5gzACJYELa7DCM8R8D1BquqPdXWB,ECUKgSNFhJYumCbEVq3RL15Ha8yJhyM7xrvQZREJfvYY,Ad7TdFLws43kbuyJnYLMPebypHYmHzStjXoEezVbjYo5,B83v16pKDVEnYr2EQ4vsNRAVDoZJpx5eHyoFU7a8nWiX,AD3p2DbcaPNGJGYG1Ui2GgkcTHvvucutnknf1K3RtYPP,CtJKvg4EwAurp5uP5S8LxoykmQHQ48neXFzDuhHqF33N,BmW2hhG63vsFbZdSkAbdG98Jz8R5b1DLnjK1oR43fd94,GoUxh12EmSF3EqvuzrFSRJZng5RXDhxYga4X2jRXnLR4,CENPf6WaTN6XaxZ7WtznJffUy5wAmMZyqoA7PkgvPjwx,6HDvJVQnqxVyJ6HheBxnF45mBbjTbsVGGDWqNcBXgaJp
watch exit 0
# credits used 120, wallets 44
smart_wallets exit 0
snapshot_mcap: snapshotted 2623 pools at 2026-10-10T04:26:42Z
snapshot exit 0
exits: top=5 new_sells=0
buy_radar: top=5 new_top_buys=0
buy_convergence: good=33 new_good_buys=0
=== 2026-10-10T04:47:13Z ===
ok pools=8930 runners=44 trades=21725 fresh=34 watched=25
soft_errors: 429 on /networks/solana/pools/multi/4g8YBovZXqWL8gajoS82oviCY4pewSCgySTPsvzRS4LN,67EUukBp2aWpV2mj5CQwGQ7pYQARV3xWY71bfpoMrQzP,8p7VmQsXqeZZw2otjxq8faEffZRr73zQDsk8o8heL9W5,23DPxihBhYuy7UY7rJTKZDB753BW5CocUbykudwkqP4f,3EkcM3hZYRT7SLFbsaG3cFyYibWDGH1a5Gg5s22f8N9X,6N7kRQCMBL5sCj8q6gMRx2rQNwbSCLCnJST3qw4LNpFq,F9QvSNCwp9bK9qzxNs6RzpYK4HE2ci4S84x7Emm4foZC,CUfRsnUsTorcqpq1TETVoJmR4sLdP6qmgfX4cbCxbatd,ycDKcX5aKn9UzVrEvSLaAUFSfoKkJDBW78XKrmehV41,6LUbokCzCB1tqBoah27FW3hZZTJ63XW6kZTBK8e5sSqr,7FnUKy36LNf7fhEiGEPswnbz2fq9rTJhoEHAZBVEWUjC,CK9xaKpW7r71rjjjZsvEAtwGxCkbTLKDqZh2Kq4NMbF9,9ipqvqeuM1KRz271GnhibhnjNGMPQE12tjnKGy4A8YXg,7D2XrsprDubKb18FgpPXCfsvoot5E9BDRZmbfmkvgU1P,73jXG7K7AtCRBLLFtBBCx8SMUz8jBDskknoh27gYuyYM,4JRx5p4cZoMMdy6SnkhXZKnfFRrArXRjr4ogkpWgpRfD,JCcYqtViHgaVGrdtwpMBCyye2tiEM8CAxbCi8hS64mjR,Emi82i8t6WrYcYyKMmdqKtEdnsywagoaWypQ7txKobkX,DhKUxPsCY4J1wjoeyM45VYwFZFHhaiqYYBViJfHo78gp,33u4kCtEpSEaWa6DdFN7VVXckJ4j7hM4CEkLeMZPVz6b,3iqjBQUVWWUnsqdVw5gjewuF1CPpijRy3f8ppT2jxY2n,HHkik4Ccn11QAqbMttfeSiPbD6hH9eyGXsQNxFnYCouP,AMJp7rYdhejuV8BbgpGs8M2y35TwqXDaerpr3QNGXK43,Aah5qSfxp25FVx2UyDZSZ1tRgQU4DghroJq9TyBaXcpJ,5sH4N13uVxYDmYCpWvT2kvYwDmLwe5AWmAaJ7ZP4NinD
watch exit 0
# credits used 120, wallets 44
smart_wallets exit 0
snapshot_mcap: snapshotted 2620 pools at 2026-10-10T04:48:34Z
snapshot exit 0
exits: top=5 new_sells=0
buy_radar: top=5 new_top_buys=0
buy_convergence: good=33 new_good_buys=0
=== 2026-10-10T05:01:24Z ===
ok pools=8953 runners=44 trades=21803 fresh=23 watched=25
soft_errors: 429 on /networks/solana/pools/multi/DyuvsKodCeZexGPwrzXWzLEXam8KuVjAGVeG6c3329i9,45G8kuizBPGF9bUyQaQXbSueeXjDxw2QKz9vWHWrdx6W,5eKZmuey2G6TUdt9a6TMZvV8mk5GRxAKH1k6QKJ2RQei,GhDeW63WL9gwuh9QWwyGwEdsVpQ4WxoWKY9oFXGyLFdk,97MUT6UWra4aDeVSSsFfEtbi28UJkSC7yU5s8h8QWZUY,8sbp3mhhwy61KYx9QUqc3Ciitj4s9AVzva3h16ERrFGf,8X1LmXEheVRye5Jbj3A4bjzafDtZEhWtgqNgjwMPTKYi,5rx3QPp4uXjqXLD5uMMrt5DPJYAdfNG9RS8tneDsanXj,Corxz7rNpA36nrwEFdPLog8vaLHNMSW6nx7SRNgs2Q69,AgbiyV1U1s7uMGkJrt2Z9ur7tAhKxqr3pGq7rntFeUKp,AR3kMem4JP3Jf9C9PKKfw4YFKsgAP1RKkLrYRXPn2WHV,951P2t2d8ygGnDwRoVpkXSSgU7eUBRExUPYnQnnL1UdF,Du7nZMecva4vY5JZmZfqkzxGCybHJAN4JyKbiGbERmBv,RLXA3GYL7Pg4YxK8YHqfVzdT6h1oeZMTXzvZTq5tHT8,Ccw52Ro8cAzrqpnKjF8G7GY1XuPFfmBaZZnYQuuvixpr,4g8YBovZXqWL8gajoS82oviCY4pewSCgySTPsvzRS4LN,67EUukBp2aWpV2mj5CQwGQ7pYQARV3xWY71bfpoMrQzP,8p7VmQsXqeZZw2otjxq8faEffZRr73zQDsk8o8heL9W5,23DPxihBhYuy7UY7rJTKZDB753BW5CocUbykudwkqP4f,3EkcM3hZYRT7SLFbsaG3cFyYibWDGH1a5Gg5s22f8N9X,6N7kRQCMBL5sCj8q6gMRx2rQNwbSCLCnJST3qw4LNpFq,F9QvSNCwp9bK9qzxNs6RzpYK4HE2ci4S84x7Emm4foZC,CUfRsnUsTorcqpq1TETVoJmR4sLdP6qmgfX4cbCxbatd,ycDKcX5aKn9UzVrEvSLaAUFSfoKkJDBW78XKrmehV41,6LUbokCzCB1tqBoah27FW3hZZTJ63XW6kZTBK8e5sSqr
watch exit 0
# credits used 120, wallets 44
smart_wallets exit 0
snapshot_mcap: snapshotted 2635 pools at 2026-10-10T05:02:35Z
snapshot exit 0
exits: top=5 new_sells=0
buy_radar: top=5 new_top_buys=0
buy_convergence: good=33 new_good_buys=0
=== 2026-10-10T05:24:37Z ===
ok pools=8981 runners=44 trades=21835 fresh=28 watched=25
watch exit 0
SW_BUY_CONVERGENCE QIM | ⭐⭐ FRESH migrated <15m, MC<$100K | wallet record A4BzUv 12/14,CAcSDu 4/5 | 2 judged wallets | scores=67,65 | tier=JUDGED | sol=0.48,0.30 | last buy 10:48 IST | mcap=$9,866 liq=$7,076 | coord=NONE | https://dexscreener.com/solana/7bBwgHKLrcdKhwk5nTkxgCGUy6DfuEyEvdiNCj7Cr2RV
# credits used 135, wallets 44
smart_wallets exit 0
snapshot_mcap: snapshotted 2653 pools at 2026-10-10T05:25:30Z
snapshot exit 0
exits: top=5 new_sells=0
buy_radar: top=5 new_top_buys=0
buy_convergence: good=33 new_good_buys=0
=== 2026-10-10T05:43:57Z ===
ok pools=9010 runners=44 trades=21862 fresh=29 watched=25
soft_errors: 429 on /networks/solana/pools/multi/8v28sqdDPySfurdmudRMSQ1NFLUuxAinLgdyuBz2sYCe,CuJdd4u4LZNkDTJcmcyd9Ndc6fkHy8S63oxZRVeDwJX4,8mADSY4guFRerRhFRW2qc3XhvbL9nBTTa3kXu5gEauHr,72HGi5qhoCfcBcDJsP67QHEBbEfpk36dGkj4yXo1785X,a6nM8Wg6QqXbdYw2TmSNhBnPRSpDgTJJXASWVJs7Qnh,GrqHZcrq4aeqvxgwhGJHBy2iTjRJa1MjXu1mwHbUXeaf,EeG7Pk31fjhARoNriR8qVR1GuVLWaeY1qLVspQkhxVrk,25QyfMrDj6VhV9AsRV9KZVqchj8d8Cge22uX4EyCFRrN,DZcJbaJHgVVkGfTdBYgzCVXgVXKQByCxZdEXrUSYKrKQ,3sbuAsrrw6LJAF3spPCKNSTmugyAcQ7BTXFPvGCsrvib,94wTyXy9zZsiaX3Fmwi4t2BBoCNx4qrACrs8PLFYoxaz,3wg6rB7Lw9hoLhjFenfKUUbUs89PBMHFJwhQMtxF93gp,4qezwc1qHiArH3ssUFEy5ZsxGwfaftFQcWXYE1hUM3op,EcyYq3bg61KuSnGM8jAuwS2VGvkQ6hNSUGLvCXzcFf8U,A8tQgi8eBTdy1ueQ8zGfPvc6LSdd8vyj1bTeSWxwT2pE,3AeCms4XoSRUMbAA2C42Bx34GbMWGJH5PuLCzX8W9hc8,HUmhBWQafENJ8ZgJcTG9To5S4wyLQ46FxabFMwj4UGbU,5D5smdDoguLpaxSv4zbwysSwuW5SBUmw6arURpJzKs4S,HC4iQzhT6hY44th4JFqawvf1dEsMGBGCQ3rcGFTMAhUE,Bscqv2X3LzxFb8fKDMJo1pc966X1PCwfS3g6qpyKbLr1,HS3hUFngY5kCPqSrsccyL43fMkYpQPhJLN44hXj66BgF,BypEKkxZ46K3mFJMgQS8zfc9aU57iiGu5xBxLtbu1KZs,DwHYfXG1t5jFZFq2s1GCrn6pLLhmXrTw4bPa6cKA3vUu,BMYaHgrGLqYMrtsiVLo8yCHCxypfQFi7AifsbMagxVHw,oxQJSXWbMcWQsJrWf4E4fSPfxPYHt6a778ZfsmDyoaQ
watch exit 0
SW_BUY_CONVERGENCE GETPRICE | ⭐⭐ FRESH migrated <15m, MC<$100K | wallet record A4BzUv 12/14,CAcSDu 4/5 | 2 judged wallets | scores=67,65 | tier=JUDGED | sol=0.34,0.30 | last buy 10:55 IST | mcap=$60,458 liq=$19,917 | coord=NONE | https://dexscreener.com/solana/9HLC3hvta1zNDqDfbmTq4xgwNRzRnaZST16pLs9pump
SW_BUY_CONVERGENCE SWIMOTHY | ⭐⭐ FRESH migrated <15m, MC<$100K | wallet record A4BzUv 12/14,CAcSDu 4/5 | 2 judged wallets | scores=67,65 | tier=JUDGED | sol=0.51,0.30 | last buy 11:04 IST | mcap=$13,014 liq=$8,230 | coord=NONE | https://dexscreener.com/solana/J7kPg8nGo4C92sBrv3GmBUXd2YxntY6V6KEZArcBpump
# credits used 149, wallets 44
smart_wallets exit 0
snapshot_mcap: snapshotted 2668 pools at 2026-10-10T05:45:21Z
snapshot exit 0
exits: top=5 new_sells=0
buy_radar: top=5 new_top_buys=0
buy_convergence: good=33 new_good_buys=0
=== 2026-10-10T05:59:32Z ===
ok pools=9043 runners=44 trades=21912 fresh=33 watched=25
watch exit 0
# credits used 120, wallets 44
smart_wallets exit 0
snapshot_mcap: snapshotted 2693 pools at 2026-10-10T06:00:30Z
snapshot exit 0
exits: top=5 new_sells=0
buy_radar: top=5 new_top_buys=0
buy_convergence: good=33 new_good_buys=0
=== 2026-10-10T06:24:55Z ===
ok pools=9072 runners=44 trades=21936 fresh=29 watched=25
soft_errors: 429 on /networks/solana/pools/multi/5SNm9MC38KLa5GEPtE8pboQcU3YVHdoL4xWC7ayayM9N,23e5JiP2Wuii6PgLmTqmPLusKaFtyESrccbdTY7PE1SG,5DQzWsmmhf8MAfFVt3twVNNQRHPRG19iZgHmC66zdA9q,3ev5P8qrjRjhKfcaoAHg8g5Q3ibwBaNk19BfRNpenUKn,7Yj7Hy6GN8jsbguv3w86mHbn92oVb5X913SHDorzRs74,ByTYZQsHerXNW8Zjvn7UmsVMh1GpgVheYqXHMr6sZaHV,GAFwmTHnfUT5qegcrZqF64kN845s2SE2Y5sa6EbaZFBz,C8JJgySaXphzNH28fAdsqUFSZWFntb9WevvmZnu461EX,FqZiSkzmm3QYxah5Lii9cB7KViFvhqvwdyqeVWyCPdtx,DbJsvkVEkZZzwsRarvBAeFH8mgcaFjGRmn11DW1XFumc,6vhhpCdtPzUFi4d6LkVEmtqmK3KD62U5B1o1D9hHNRqM,CNiqmGhb7MKuSwq448ErWbmUQqYFshs9zthqTmJkgiKX,5vzZfgJWzjBtWDtgyQYffqdCZeZJg7CjqKBHfRaCPbkG,FFJwxgDVc1tAqBF9fmU29soSod94PknLCrrtC2tacH5P,6APjnxq76FtMTHkeqTbsEPEQMu9tKgB9uj7nhidmuEqc,DGVjwR7Q93i2NNFgMXbdRHaHHrgSXc3FnwWiKG4Bajaf,7dDzZXvFafy2SaiJNEQGvJ5ixfqNxNKy7QwT7nZ1Kf43,2MVHYMDs1YAAShr4dQfha8fVCdc4uYmRCBbTwuXseWiy,9iPBQomjgrJB9v1ky9PDbVEJt6PpUPnyg37npaseNs3F,AuXzf2B6pGmHKVcMNGEZekck1HeU28vbCYGvyoZiaBM3,9Y2qNGK8DS8EtD1zBXj4e4pWBfR4efTosibzEgi6kpYU,CBUrb7sspk11RZs7uYdX86w8oEEPXmB8N3n4WCc1uWg,4gLK9gqDNZKYP6Lx67zvyA6rhpd9Vwm4yUE4UX9k2QGo,DAsAbcDTLTY5KtbjJC2vFwqdamcpEcDf5rMmt5NcnrsC,EyMZDd7K61dMwfyyoUPs5nx3WZ8hJNNTkAdxTo9qb3kh
watch exit 0
# credits used 120, wallets 44
smart_wallets exit 0
snapshot_mcap: snapshotted 2691 pools at 2026-10-10T06:26:07Z
snapshot exit 0
exits: top=5 new_sells=0
buy_radar: top=5 new_top_buys=0
buy_convergence: good=33 new_good_buys=0
=== 2026-10-10T06:49:37Z ===
ok pools=9111 runners=44 trades=22018 fresh=39 watched=25
watch exit 0
# credits used 120, wallets 44
smart_wallets exit 0
snapshot_mcap: snapshotted 2716 pools at 2026-10-10T06:50:37Z
snapshot exit 0
exits: top=5 new_sells=0
buy_radar: top=5 new_top_buys=0
buy_convergence: good=33 new_good_buys=0
=== 2026-10-10T07:04:04Z ===
ok pools=9134 runners=44 trades=22076 fresh=23 watched=25
soft_errors: 429 on /networks/solana/pools/multi/6VSA5bXknYnsYJJE28ZAEjVhH8UruKUL6yq4AAJggxyi,7AVCpnAabx7Xt3kmzYQkPqm1GbTi5qEVBi4mkQJPCX9P,848rzyWbctcRFmucErsFjMpHZK3qzYgSKM7oama4m14V,8T8n7chrcrc87P1LL6F4yxeztdq9Hm4zdxghWqyEshP9,9WMUahinq2E3ohP5Lb17RwBhVENwweBaE6Jq1jV3nD9m,5BVFP8xTU6uW2Lkqd22yERkmswhnyLn9GdNwZSKLZBN7,3CbQK35cfYSaYizQrsdrcpueoiHozJB2o7Pgh1tphBvn,AozFFrJEuPyJjSECe5rhwvaEiGV4mVzq1KikfsNwD5FE,GTEME7u8bAtQKHBtFo1HPbPdSCvpeXoUvXyRj7mfamPD,6yxTSNVqA34c464BqsSnC4HC2mx7SS9H45JyDBPprnJY,HmSiHrHexXSQARAYzRM4aozUVWpRjddjY94Vk5uyDymz,HTHgQZYETXhkY5RR7PbExJL7bMD4iAbneLRDzQFW2yiP,FgJpzJEUGu91gMUnfiF6wodEjoZRWB7YeUMDcDnZrJbT,2WAtBZAng4gduuduN6jv32cYBmnqbDVnGgVMcbSfpPjY,9PBPD8owawWRcU4t7Pj4Zx35wvLAMsGG4nBfwEy1XTBQ,3SDWHpYnnnoNXtVfaa4Y92fpXegQ62x45Ksm137ozzS8,5aa9HyMCXbuHefhUjpbaaouCbhevMM5Udh8Sb8yWvaQT,GGw7GX838CyR3c6sJqzUAWGgUjpG2xRH49hFqqFwgfuY,BVBWbp6iAUaRwZtCJ1pnjfCkf6qrZcrCKXpvt33eQq5h,JDegXGAra5xvwFKgQ2BibxxV6BAC2zpiKjoG62vfubD1,6m9VRfDzaHd6xCZeDQ7TL4kDYQZxELmru5D9RXTkuMih,Ekv8CkoLAXqVHh32oB4ZwGzkyXe7fPvtddDGBVFqTxUx,3VsGhdqYoedWR6C5phuJarK7hukKFeWygdudKQnFSqxF,37DVGbyjHv6ZvGZodJoRg44RFPVzL1yF21kfjgZuaTYL,9eYDB65ua76JpK1gcNzbJa84rFb8rMSa2fjoyepbB3sV; 429 on /networks/solana/pools/multi/6VSA5bXknYnsYJJE28ZAEjVhH8UruKUL6yq4AAJggxyi,7AVCpnAabx7Xt3kmzYQkPqm1GbTi5qEVBi4mkQJPCX9P,848rzyWbctcRFmucErsFjMpHZK3qzYgSKM7oama4m14V,8T8n7chrcrc87P1LL6F4yxeztdq9Hm4zdxghWqyEshP9,9WMUahinq2E3ohP5Lb17RwBhVENwweBaE6Jq1jV3nD9m,5BVFP8xTU6uW2Lkqd22yERkmswhnyLn9GdNwZSKLZBN7,3CbQK35cfYSaYizQrsdrcpueoiHozJB2o7Pgh1tphBvn,AozFFrJEuPyJjSECe5rhwvaEiGV4mVzq1KikfsNwD5FE,GTEME7u8bAtQKHBtFo1HPbPdSCvpeXoUvXyRj7mfamPD,6yxTSNVqA34c464BqsSnC4HC2mx7SS9H45JyDBPprnJY,HmSiHrHexXSQARAYzRM4aozUVWpRjddjY94Vk5uyDymz,HTHgQZYETXhkY5RR7PbExJL7bMD4iAbneLRDzQFW2yiP,FgJpzJEUGu91gMUnfiF6wodEjoZRWB7YeUMDcDnZrJbT,2WAtBZAng4gduuduN6jv32cYBmnqbDVnGgVMcbSfpPjY,9PBPD8owawWRcU4t7Pj4Zx35wvLAMsGG4nBfwEy1XTBQ,3SDWHpYnnnoNXtVfaa4Y92fpXegQ62x45Ksm137ozzS8,5aa9HyMCXbuHefhUjpbaaouCbhevMM5Udh8Sb8yWvaQT,GGw7GX838CyR3c6sJqzUAWGgUjpG2xRH49hFqqFwgfuY,BVBWbp6iAUaRwZtCJ1pnjfCkf6qrZcrCKXpvt33eQq5h,JDegXGAra5xvwFKgQ2BibxxV6BAC2zpiKjoG62vfubD1,6m9VRfDzaHd6xCZeDQ7TL4kDYQZxELmru5D9RXTkuMih,Ekv8CkoLAXqVHh32oB4ZwGzkyXe7fPvtddDGBVFqTxUx,3VsGhdqYoedWR6C5phuJarK7hukKFeWygdudKQnFSqxF,37DVGbyjHv6ZvGZodJoRg44RFPVzL1yF21kfjgZuaTYL,9eYDB65ua76JpK1gcNzbJa84rFb8rMSa2fjoyepbB3sV
watch exit 0
# credits used 120, wallets 44
smart_wallets exit 0
snapshot_mcap: snapshotted 2708 pools at 2026-10-10T07:05:55Z
snapshot exit 0
exits: top=5 new_sells=0
buy_radar: top=5 new_top_buys=0
buy_convergence: good=33 new_good_buys=0
=== 2026-10-10T07:25:41Z ===
watch exit 124
# credits used 120, wallets 44
smart_wallets exit 0
snapshot_mcap: snapshotted 2708 pools at 2026-10-10T07:32:40Z
snapshot exit 0
exits: top=5 new_sells=0
buy_radar: top=5 new_top_buys=0
buy_convergence: good=33 new_good_buys=0
=== 2026-10-10T07:44:33Z ===
ok pools=9214 runners=44 trades=22190 fresh=40 watched=25
soft_errors: 429 on /networks/solana/pools/multi/CzQdi8vT2b9o22iT3Y6eErH9cTqF1ecTdqx9we6i9CYD,JAyk9pm1Dm6JKmeBP8r8aYJ838fzUX5hwXvBLkftUL2M,1ggT4yhkFA1iL4ETMiBJivX7GpHtR6ApzerZJSMRvRs,E2nStN9JmQDRoersupt9EavdZbbUqTUoqdA5JcxSy2Fr,F33szKMqwNAoqi96PcTTQhQV4jk9AwmCySZSk9o6HXqn,DYU2nQHWSZLyb49DKwKSMkSBUksN1n9uCUAx3FLHzjhP,Hysm47H9oyu8TDFf5F9DWA9YyfcYYEDCTsN7tZRtqBqo,9J8p37H4A29j2h27HAszKqCGXghN8k6nekTmp4kRciJ3,6hN5M33v6CKxL3x4M8btBadBP4bnVyLSSY94tTVAY17o,3ZwtvQjTMT9GJEYehYe67MsikCqWNHYfQeLnjSPBuT5q,2XLpAZ9PfBW3oQXaiT2fN6PMghA8qY9PRc5NepZw7TL4,12zgwiLVrkRBGUuKgj7gxYtEwK8izfTd242hzcTdS43y,8VeB7gE9resXs3fVGHjGCNp93i1q3F7AwXm4pwk6zRmq,91aKUdYcYzTpPKfXjM3NqUE7fAohSCazeK7GondRgxGs,guNmb3QMU49NU4msvdu4BPG6iCCeKQQPZYNXpwjRdZR,CwDm78xmkSWYEE4G5oGDF27Hb8MnhYjUy3K6MG9zwLG4,6LEDAQJwW4N1w7PjEttycbZHfk91sh8i4UXA1pDjquk8,8kj8jA63moEFU3wqfxYHNFaViC2e686rNQagkNApLnvB,4J882FHvmQZrnXuCnsphYJ73kbuMbmzzPjDszJ2yW6ye,EUH7eXSHiYpxbupNmLUP6C4hEDbPXDXK5WA1k6q5TrLw,DvHXYQ7NLjZXktaYkRa2HJmibhAME3b9u72J4VNmSdFU,GmhESzW3RyayhMzZGfJWhRpvTZjqPzrKzzjJN4ohhnuZ,7W9oDkYkJgdZR4GDW5RveRYP5pbvBb9ywyogS41rXark,aUrP1Pu95jGujsCNWWPXx4rvxEwcbnzAMftJ3kAx4zw,21MZ3KXCTdywwKTQSrdRzNWEeMJTEeeWu7V7kV8uasbu
watch exit 0
# credits used 120, wallets 44
smart_wallets exit 0
snapshot_mcap: snapshotted 2696 pools at 2026-10-10T07:45:44Z
snapshot exit 0
exits: top=5 new_sells=0
buy_radar: top=5 new_top_buys=0
buy_convergence: good=33 new_good_buys=0
=== 2026-10-10T07:59:15Z ===
ok pools=9250 runners=44 trades=22214 fresh=36 watched=25
soft_errors: 429 on /networks/solana/pools/multi/H1QrmY6dP9sJjzw7DLmUms1kvzhC69W6BYYPoz9mXKEv,7ibGT6khgwCkLNj2HityKjyn2pmb2TrtRr6rfGwxcsNS,vfjzGCoaSxHHDwhtuSS6eEXHXvJtnPc47d67zP1tCme,Ccv4xnR3B666LEG5FmZDVd3we6AgLwDF6h652oqQgYSA,EQ8ccMP7KbwUN2dDjqNZvbECttpiPW1EfWB3EWiTkJq3,HTxYkUsUnjAFbuUVdUNXn1ggidvw6xYb4yZwSK3S2hGD,6TnUSVmoyptyozzsje4gDMSYqaYU5QGPEik7j5NDfatn,DyEYBmsR1BFYx3ZRyNq13ZTTVjqPRs235dxVpLSyA78B,DkMbTnQKupNVMSC2L1L3jTQeA88ddP84dqxyQrYshX6B,5iRJqKEwBXhyzc3ahzuGixvK6NkfEBqvRQkGFnFJgoE9,6U7QzJEK5m1cGUEDYd583TUvg737ZRciXygQ5WV5k9M2,7rXuJ2tzUn5S4vCUED3B7bTV7srKQr1hA3qmcPw7KyqU,8B6vGH1wMFqixrnDbsu2mp6tY5VcLce5s8ZvvKy3GsPJ,bDnGNsQHag936W4kB7CwyVzyDv3esCfcdi6fsExEMXY,7ovmGuYUQ67CS4c4SXnAVrKehuYFoHqEzM7nV9EGPXs8,JWYytpEJn6FveTetYoqUxkn6aLyqfNHGEN3rUM65ygR,iBvYyoTet59LMjfLR4fKLKgcmcLKWeLPiTubHHNYAVA,DRNZrryPekcsvfQpddhfKuTML1iGeWLVokGYDKbwfJBr,6gbroRT5Nxb5y32PXqwg5vq9ywXCZBXXgoA1B4dvVNdL,4Zinftr3kCb3hnpe69MmzjaJWxUXpiqqVvjDB947def9,HhrBjvMudnYenfc8h7wL6p1x1GkQxDp9L5t67kzZB4gJ,6yt5NaAKgiRbsqpTGcb5PmWE3friTmN8TksQxxUrHjWL,HXefxoyhq9QqxcbAB3Cxicz6boXWM2yLsf3j3EpQPMEy,7CBf1a2do9EdKQpMDWArQuAvDmgJHKNfo6tAY2owuZg5,CzQdi8vT2b9o22iT3Y6eErH9cTqF1ecTdqx9we6i9CYD
watch exit 0
# credits used 120, wallets 44
smart_wallets exit 0
snapshot_mcap: snapshotted 2700 pools at 2026-10-10T08:00:27Z
snapshot exit 0
exits: top=5 new_sells=0
buy_radar: top=5 new_top_buys=0
buy_convergence: good=33 new_good_buys=0
=== 2026-10-10T08:19:50Z ===
ok pools=9290 runners=44 trades=22260 fresh=40 watched=25
watch exit 0
# credits used 120, wallets 44
smart_wallets exit 0
snapshot_mcap: snapshotted 2703 pools at 2026-10-10T08:20:45Z
snapshot exit 0
exits: top=5 new_sells=0
buy_radar: top=5 new_top_buys=0
buy_convergence: good=33 new_good_buys=0
=== 2026-10-10T08:38:29Z ===
ok pools=9330 runners=44 trades=22342 fresh=40 watched=25
soft_errors: 429 on /networks/solana/pools/multi/E5bEopGTUap5NHdMkKmwuB5XMBSKjcbySpNSM6qi7BmZ,Cnn5Qgu2Rh764vHdNvsSQNAy4y3jQSkhkNYpzakPnoZe,HipEBLsmonDXuo6fAbonZ7pthVgDs3nHcVjRcz6gmY5g,8K9eHByMMr4b7gzTfi9uuKLwNkBWXMm5tQpxASYoKQYF,53iFRm27Xf2MSWsrv3zWzB5mbsYhknh1VTQN9iJ4KHvr,2uLiJmW19eBux1T2fmzy4KVK6AER4PKrFRaU81hrbY1Y,85GXpjwt31qLTUxyRVMjQZdKtBSAkFsdHNmuW41kcvr,8WpidgcpK3ReaNosXcdGQnN4PVHYDZwa6XMHzRWTkWrA,TF6ZHGupgZbJacW5CCAKRsx5cNpfULgkuJhKinnnwwm,BLtkBujTRwtonqJp4quNKt6CXD3aNVbbPADvc6YrvM4W,DoUJr7iV98kiwqdr2D5X7xAdUMpRVRCoitQg9dHa5a12,4CFyWBkmnmTEH43WtXgmCCf77fRw9HB4xyYsSCCakrxJ,J4jizrKHYU8ewVhzvMPy3XHinGE5RnfgzWheTYPt54Tz,6GmtFubLJXnVhP521DjHUh6SG6qdpjSoBfgg2efTh6iX,U3SyegYkeUwaUFZs8i8ygL22sNBi38Po7qWQYF8BGtf,J1qtyiaecQtGCPWe7jz1tKty9Ar39Cbqw87EFAi53xoY,6eihRmpde7tVitVwHPUTV4Qtc6PZ5VuPFLYNvy7w5Mbn,QjFjHQVnLZ6PeJu4b4jkbKtLYvWCFCpz52YRvukrALf,BySZN28C7hzhinoRoL8zXnAuVuNZxW5BrHuWHG8JA3UR,ASdgo3dUeMYdZbYkHi6hgPmhd7Dj4FHaXALHLXSYtvXB,GYhMKGkvWovfFQeNQyw19fK5xwHNZbPQyQhU59GcGSJe,8KLqLdgvWxyetFcESAaCijEuogn2bCgR3vsL2DzuoNb3,4EyXe9XFevscTpoQoYkvAjXninAwSZ7ww1HFFrSfSLb2,12RtKtT2AaXwa9Zef8SYPntdKkLQCg1FR1FEGsaTUgZa,4h9HhqSKHY71WTPTvBUskgUTwDG7Yz9cBRL9LjXZ1U7e
watch exit 0
# credits used 120, wallets 44
smart_wallets exit 0
snapshot_mcap: snapshotted 2711 pools at 2026-10-10T08:39:43Z
snapshot exit 0
exits: top=5 new_sells=0
buy_radar: top=5 new_top_buys=0
buy_convergence: good=33 new_good_buys=0
=== 2026-10-10T08:54:53Z ===
ok pools=9365 runners=44 trades=22434 fresh=35 watched=25
soft_errors: 429 on /networks/solana/pools/multi/AVb2yYAMH1wuJpNV56QjuiyEUpnjFjqZZX3wnWBbnXTa,ECZakkefhrX7M8XfFALo2bmQXu2x9MpgbBTxjJcNwEhw,8tstn8LfwKQR2k7NUJNYzxGuw8g2nmVKUSYfGvffsjbE,3GtJDmURgZXxyYFp7J66SqZmezVSRAbDoShuKnLfgUGC,6MyN4kdimVzWZ8poU3bRkD8FKRzNxqUymh2pS46m774q,91nF94KCFsER3mc8rAMNvRKow2Mc9Z3GrehFdzfjSSNp,HhyCUHZ4y32nwKYwhmC15J3UwzboRec3fFN7BvXKka5a,abbgp5tLWB2th27WbWuH2Zx4trY1jg9TDLfSJycQdFn,HVRs4SaRbzFSzVJzWmWTtPybpa6Q913NEvKXxgjNASYx,46ot3mZvoLp27Js3p7XPmT8xu1AJ5PEtGttkwmzUxiE9,AAqYcRdcsZasTEYzeJczibwXBU8ET91qbt5Wz3JSgatK,7oxR3XHM7MaAY527HD4PCjncVnnthyBFAYFy3oEDJHVa,Dim41zXPacF2SdVdBK9abaTJ3KPbDmrbf9Uj2b6FQSNW,CaM9fzM2HN2E1mHPrSiwFbem6NHT8ogKEEpuiMPzpDC8,4KJN5RuUWJPvetnqXYkF1mSSEwyodFMS1sZzBp5rrSok,5xS6w6zrzLqppt5Vg3oEgvrXSbj5R4rTYmmfkqTH9ryn,5f5kjuXgyi7apsn8jRQscFJ6j66ZNBXNttG6sRd9bFeb,E5bEopGTUap5NHdMkKmwuB5XMBSKjcbySpNSM6qi7BmZ,Cnn5Qgu2Rh764vHdNvsSQNAy4y3jQSkhkNYpzakPnoZe,HipEBLsmonDXuo6fAbonZ7pthVgDs3nHcVjRcz6gmY5g,8K9eHByMMr4b7gzTfi9uuKLwNkBWXMm5tQpxASYoKQYF,53iFRm27Xf2MSWsrv3zWzB5mbsYhknh1VTQN9iJ4KHvr,2uLiJmW19eBux1T2fmzy4KVK6AER4PKrFRaU81hrbY1Y,85GXpjwt31qLTUxyRVMjQZdKtBSAkFsdHNmuW41kcvr,8WpidgcpK3ReaNosXcdGQnN4PVHYDZwa6XMHzRWTkWrA
watch exit 0
# credits used 120, wallets 44
smart_wallets exit 0
snapshot_mcap: snapshotted 2706 pools at 2026-10-10T08:56:04Z
snapshot exit 0
exits: top=5 new_sells=0
buy_radar: top=5 new_top_buys=0
buy_convergence: good=33 new_good_buys=0
=== 2026-10-10T09:12:17Z ===
ok pools=9405 runners=44 trades=22506 fresh=40 watched=25
soft_errors: 429 on /networks/solana/new_pools?page=2; 429 on /networks/solana/new_pools?page=2
watch exit 0
# credits used 120, wallets 44
smart_wallets exit 0
snapshot_mcap: snapshotted 2714 pools at 2026-10-10T09:14:18Z
snapshot exit 0
exits: top=5 new_sells=0
buy_radar: top=5 new_top_buys=0
buy_convergence: good=33 new_good_buys=0
=== 2026-10-10T09:34:58Z ===
ok pools=9445 runners=44 trades=22550 fresh=40 watched=25
soft_errors: 429 on /networks/solana/pools/multi/HsqNHAfAusyNznjUmU5a9CbrY5gby95huwMa7DZVN89U,Dwy7fpTnMYx7r18WVsgLY53uXYxtrBTmMo2aMVw1yfx5,65KLW9iNffeAQVrUbb5Y4GDpmGAMSgNujSDzFKLdvui8,HFahRSaZ6ryDf7DfXkdLDVuP5HEFX3Qzy8u1YxS4YmQ1,7ouQuALnBLqgPtvd4xidniJCE5oug6FZaJFzm2jEbwh9,6ryzKZStxSAnEubEenKzTXcS4izQzp41XTkzZoBu9UCv,47pH1cVJ4dwA4w71TNLW6BsMSCC4ea3ySFk2GUQ1ccBG,HkcaBvpkqNonStFNbvg6S7xC7DkA9C2FAo7XQ4XhKR1g,qGhTmVpkJfT5cbjXQqJS4jMiXVVryJsbDGXmf9o68dH,Fd4QCtkDsR614qGCk7uwZTBEXStvt5RtV3JDtBW1RzWT,FcrV3mZ6Pa25XnSGS9ofTddvupAi6FJ8EE4qc4YKCbeA,CWS6LfJzPpxBczz8b5NmMxuaBBmZJzw8u3NdJSFEJ2an,6zeXS14NHf6AmB1FKPZw1c2nzps8N2mTFLEn1NpikbYU,4FY6fx3Jg4WeHmNwMmQsA8nvjD85np9vz7FNazDE4XAG,2E2Yw4Ppt7sWEdP4wGqLGU4CBgm1z86xgEVRrmxSipHx,7ugyyMoQPErA2oogH1JdNmDoXt1CskZcy4QmyK2NerS,GBr4L8XDCCHVDK6oUXmdmGdTXLdQc4ENrueBsRt366kW,3QFD6iHFFfMWC8N8Rzk2oStZkR7vHZ3VU58uLdjr7GUK,6rCmNMHYCQDRiCF8abHMNYujei5cZdfaqrK8iPdYZsdc,8K9F9oBf52136eFprhzZm2CMYshw2eqenhcybbzo7TeH,CDh1ZE7NurqesFGJaLHdK32jMjVgMovHRXH1hUhpZzNm,D8FjfRXsfjebERnqJ48BmchJZkfaru35nCm95HPY3GSq,533fCkPtvHXLPKfcqiueoX9PhFAo3695uGABnbVn4AQB,Hu9LYZeexavLC2hmunqRjJzb7bPaRw2FGNMYBqvM7S9t,DxfFNpckwx2xj8APym5ot31vx93tg63RbxdcLbWDny52
watch exit 0
# credits used 120, wallets 44
smart_wallets exit 0
snapshot_mcap: snapshotted 2724 pools at 2026-10-10T09:36:12Z
snapshot exit 0
exits: top=5 new_sells=0
buy_radar: top=5 new_top_buys=0
buy_convergence: good=33 new_good_buys=0
=== 2026-10-10T09:52:25Z ===
watch exit 124
# credits used 121, wallets 44
smart_wallets exit 0
snapshot_mcap: snapshotted 2724 pools at 2026-10-10T09:59:25Z
snapshot exit 0
exits: top=5 new_sells=0
buy_radar: top=5 new_top_buys=0
buy_convergence: good=33 new_good_buys=0
=== 2026-10-10T10:11:29Z ===
ok pools=9509 runners=44 trades=22651 fresh=40 watched=25
watch exit 0
# credits used 120, wallets 44
smart_wallets exit 0
snapshot_mcap: snapshotted 2722 pools at 2026-10-10T10:12:27Z
snapshot exit 0
exits: top=5 new_sells=0
buy_radar: top=5 new_top_buys=0
buy_convergence: good=33 pools_with_new_buys=1 fired=0
=== 2026-10-10T10:33:56Z ===
ok pools=9549 runners=44 trades=22717 fresh=40 watched=25
soft_errors: 429 on /networks/solana/pools/multi/DDzeoRcQ2bZnQEiDiEMcYf9CBKeAcnAbw4Pwqs7zJ5Rh,6DMBFJLNHY1LaQvVxFRNtVdH9HGUQera7qKqeB9RK9Z4,FFK7d4NzyB5zcbCXy18AYjopsLm7mm8B6szPPiHQSF5L,4iqHamXZoitKHTwznqezpcyWUNS3QsW4zM47qSQEXuno,8hbtBQtHzXjxui8S3U256DrNTrgQA45AQuQFTeAnj9oP,53Qf9uJTd6UYVGSGupnkkhoPwQ81ZLqbFeZoX6oweXzG,9TySQKdHn5PUZGGUqPCzN159ihXp9K73uo26iaK4Qod2,CHMPGczSAoLAiPc7cz1smsGnuGH67xWDJchPWZmHaoXG,3RDmoqvZX8GZ8hgpGVbgK9Vk657j6APUWvc2WFntuwZZ,9PjvsBu1mXKJGm3HTZzWmZgfyJnCjnsUMmRCzjT6ySRo,5jQDByHYFrSRESKfpJedYiAf11zSrwSqeznu34rzy44U,88r2G8cm8ttXybYjgTLedeEETHPeMwXTv8wtNdnUQNJC,2HBxgcKq7CBkAHmKqmC4wthmBBW1ftX6cRsv5Rnyfkqw,4jyz9wnJPm3fuTLTKfgHxiVEjtfiZ2UPb6GekWhUHQgx,H1MRQmq76yS2HrrWFippsatij68Ji3xBtajc1miU6obs,85SZhbkYjtfHdcDgnvHwPr9QNjEpZdZ9qL2JUsvwQPLH,2rdJCdqSzFvrkNh9a7NY1P3iLsGKSZv1mK8JrGrdDXpx,21V4gsAsNLqWLXyNWTqLdpwLZVSYKAXfjdoKFYRRbp5s,9VjwoQZsk19Z7gXGTRcqn2Aa4v5vgxF381nUnRj3dzKZ,FRjkaUdZ4zQLx8WJibFMyfwfhCK6YRVWuVNyot4J9kVP,DcTxZ4FsEGTn2ahvM7sigVTp2CcvmcrX9SZRT5FtiZpR,KcyyugZBYuyGBHkUBvQDHRw9pzCsr1VMQvbiPQGEdDt,7M8Rk1ioi7gZ8Znve3aEkHpUHfgBfVYHyfxesz5HMD3T,9kPt3QzqQDFibsmBGT7evevMnnYWMTeQDoiu1nvtZbE,G7HaM8uopKvoHK2NmDR22yedvrm222tzFEpBcAThJHPT
watch exit 0
# credits used 120, wallets 44
smart_wallets exit 0
snapshot_mcap: snapshotted 2725 pools at 2026-10-10T10:35:10Z
snapshot exit 0
exits: top=5 new_sells=0
buy_radar: top=5 new_top_buys=0
buy_convergence: good=33 new_good_buys=0
=== 2026-10-10T10:51:16Z ===
ok pools=9589 runners=44 trades=22810 fresh=40 watched=25
soft_errors: 429 on /networks/solana/pools/multi/6bGXSMw51u87RsgCDCc1S6PGvkF7y6kZp4g1NgCLXTmm,7YV3a8GD85G99t9SUkPQ7ng5FWGUh74FDLv5YAGwuyuk,92R6PZTedipcUvq3XCmgQQHKeadWedzKzVbbHJQZQ7jH,7xanVouhS71kop6j4r6p3HjpGaNZgbmcuDfmqDAVjftH,4aLf41Vp5ZHhni81JNoft8RQyXn26n6asoa3jGz6qu8A,Ekv66ki6dDpqRN2mJ2UbPcdAq8tiXBrc5ZvjqdgrhJaR,7MYPPKF5KqeoxZghZcEFYDCgvbxrWb2siYYYbHsJPNAc,AAe9NKmJFcoP5mGJKnbRsYkMzUAvRzLzZnHkekHjc7HU,Gu5vGLCZEaNnp6qhUQ5SWY6XiY9FiKK1L1aXrM9TQr4T,DRjrJxUeuvKnrMfDHehCQxYGPVC6DJewhyXTSUGDUFJe,CLS8GfTpZUvSwjYxNa7s1m5656qoisrNVzxvCsvBzbCf,6VAbaNAezcc1XS2TaUujH7tyfo5QE8VGDt8RTRgtC17o,3sRdXWdeMAaVrMtCag5dcLwQXooSUXk6eX61sHe4Wkdu,Bw4KaxUjAmZoBqyR8eAJRUg537hyA2DA6WsyLprWubjC,6MNzgkEHRAN5qHABbYX8KkC71KZHsEVzaXqK6xavPyNU,BXKGvsZU1vhm2ckkcDXmLXkLUh2MyPPHsjaCyQyN8eXL,2LH1ETNKbLDaqJbFCk5NucduK7fRV9pgyxzSd6xr7RVr,9Q1EY6DuBWzCvdEU11Dv1zYjAKaKif3YAphx1P8v1XbZ,4BH4Vb3mbn1aGGYar2vCmBhszGSHv3Lr5ozbDSkvdiwF,741a1aD8AEumBtt9ArMJNh8q1AGDtSmU47JC1NfKukv8,C1RjigZUr5oVuqFeL5rpcMuzXDniQ5WkGJp1Hpf47Wz4,CVGCgun95bX4PG3uEo7zLFxZGLy9gUekbryi1umYe6co,7GsmxYZVfMnqBB5MNHWg2BEQvGsDerH44CEFpP9cRG2d,8kEcjSzz4amDu18HtAx17932yZqNqRXLijC9LiB4k1mR,76P7S3wv2a6MkhaDQpt38LxvBXGRdCUR3uny5MF9Z5y9
watch exit 0
SW_BUY_CONVERGENCE tuấn | wallet record 4xd3Y2 1/1,BLHuFV 17/27 | 2 judged wallets | scores=68,67 | tier=JUDGED | sol=1.01,0.51 | last buy 16:14 IST | mcap=$4,557 liq=$0 | coord=NONE | https://dexscreener.com/solana/3JsPXUHfXwo7CirRhuKCmDgNyE4mD29Nbsj4qPcApump
# credits used 134, wallets 44
smart_wallets exit 0
snapshot_mcap: snapshotted 2731 pools at 2026-10-10T10:52:39Z
snapshot exit 0
exits: top=5 new_sells=0
buy_radar: top=5 new_top_buys=0
buy_convergence: good=33 new_good_buys=0
=== 2026-10-10T11:11:13Z ===
watch exit 124
# credits used 120, wallets 44
smart_wallets exit 0
snapshot_mcap: snapshotted 2731 pools at 2026-10-10T11:18:11Z
snapshot exit 0
exits: top=5 new_sells=0
buy_radar: top=5 new_top_buys=0
buy_convergence: good=33 new_good_buys=0
=== 2026-10-10T11:33:27Z ===
watch exit 124
SW_BUY_CONVERGENCE RARI | wallet record BLHuFV 17/27 | 2 judged wallets | scores=67,67 | tier=JUDGED | sol=0.30,0.09 | last buy 17:06 IST | mcap=$1,480,943 liq=$132,801 | coord=NONE | https://dexscreener.com/solana/EFn88CiiFHhihqdr1Y11XBDxbbYarBf1ij92DsrigYwR
SW_BUY_CONVERGENCE FACTORY | ⭐⭐ FRESH migrated <15m, MC<$100K | wallet record H8nGHq 1/4,BLHuFV 17/27 | 2 judged wallets | scores=67,67 | tier=JUDGED | sol=0.28,0.30 | last buy 17:07 IST | mcap=$77,124 liq=$23,149 | coord=NONE | https://dexscreener.com/solana/7536qC4LEs3W2GtSKbhVGNJSiRfuXJhKVthxsgfkpump
# credits used 138, wallets 44
smart_wallets exit 0
snapshot_mcap: snapshotted 2731 pools at 2026-10-10T11:40:29Z
snapshot exit 0
exits: top=5 new_sells=0
buy_radar: top=5 new_top_buys=0
buy_convergence: good=33 new_good_buys=0
=== 2026-10-10T11:51:51Z ===
ok pools=9709 runners=44 trades=22920 fresh=40 watched=25
watch exit 0
# credits used 120, wallets 44
smart_wallets exit 0
snapshot_mcap: snapshotted 2711 pools at 2026-10-10T11:52:44Z
snapshot exit 0
exits: top=5 new_sells=0
buy_radar: top=5 new_top_buys=0
buy_convergence: good=33 new_good_buys=0
=== 2026-10-10T12:14:49Z ===
ok pools=9733 runners=44 trades=22994 fresh=24 watched=25
watch exit 0
# credits used 120, wallets 44
smart_wallets exit 0
snapshot_mcap: snapshotted 2710 pools at 2026-10-10T12:15:40Z
snapshot exit 0
exits: top=5 new_sells=0
buy_radar: top=5 new_top_buys=0
buy_convergence: good=33 new_good_buys=0
=== 2026-10-10T12:41:13Z ===
watch exit 124
# credits used 120, wallets 44
smart_wallets exit 0
snapshot_mcap: snapshotted 2711 pools at 2026-10-10T12:48:13Z
snapshot exit 0
exits: top=5 new_sells=0
buy_radar: top=5 new_top_buys=0
buy_convergence: good=33 new_good_buys=0
=== 2026-10-10T13:02:18Z ===
ok pools=9807 runners=44 trades=23096 fresh=40 watched=25
watch exit 0
# credits used 120, wallets 44
smart_wallets exit 0
snapshot_mcap: snapshotted 2695 pools at 2026-10-10T13:03:16Z
snapshot exit 0
exits: top=5 new_sells=0
buy_radar: top=5 new_top_buys=0
buy_convergence: good=33 new_good_buys=0
=== 2026-10-10T13:25:15Z ===
ok pools=9832 runners=44 trades=23183 fresh=25 watched=25
soft_errors: 429 on /networks/solana/pools/multi/2jz5JvpcFitgfiHc4tpbPYfksYxD5xj2bNoXV4rY5yYC,DkqoFsLmXvhrhw9SLQDVeqxrk37SrEY8yP3uzLARimQT,HvbpVeFkamw7F8nf6Yrv4YngmRkPgb2T4NS4dnPvJDN4,BLgvVMQZ4DgzTeWiDYV4bvL6aaquwWTCNW66dBW8qY4c,Hd16uTbhPoXRMaW9SNvvPnd1enTpY1xCobdKZb2ZXDxo,13Fts4eHfGAVB35gaB1yj3t3ZZqqzJt7fJDh9BafBafd,HrfnQMec3DfssWiyf66C94u7edgDF725Vn92Q4aQuhMJ,CGvmR7fCToHzUYnySAwvVwanjirLf9XKVHrCcVj3wFoN,BmNtjMsLNuoLVENc1MVuYWprxDDyhuG2dxKzGZKrkojf,CaP328YcMiGPoLyoXwkFTxgyjSEmcCG8sFtxtngNi6ux,H8ruqPy8VtarVb5PtzufvsLrNtbYbPQF5bkGaFtoKXXV,EMp9A4TGiiaoDayvdrfcggAYR7gkhAguGEWWkUib26DS,Cc8KXc1YxEV336t6xgBn7Xy1XueU8zToTyh9AW28dmvn,3VZt9JAsGkUbDYjvYD3NPteDv6NU3fUXcmif9KrXVVQY,4NWxuJhgzttf6naCNrADEU5DnVupzPZSM1nQLUCDH21z,DcrERnhTQ2kWGLQoe81V1pqP6MLunETwLwepjVGaSKB4,ABmoqYhi3BfcQdnxRf7uU5bNLeZRw4CgkU1SaathTcue,H6Cqg4QnVc3VhsAAKu5P3cPK5UQB87E1EdrwH9QMZg3U,8oBg35DQmN7hQJxMzo8JXQJsRLfGZauA4JUEe4ioVEmw,FongZkBEPTw8uEFdb9BGbSLGUmp6qBcnzAYBc92x16od,DDRNHAji8WYCXj5pJY3momJYjQufsHvqWtPGK7LZnwFT,BaHECT4yd97UBjVNnqkLPsVmS19B8aPA62cK4mY7nthJ,59ci6vrToDCNe32pmigiX6RCinWWTgwS8veWPYHv5jZf,6PUVpTa9vum6eRetNVBaThaPNXwTMjjeKfthnhDRRMbA,65Ayq7sXRHGjZqN47Xo4AAM8N4UgfLkgn5qfoyeQDhpo
watch exit 0
# credits used 120, wallets 44
smart_wallets exit 0
snapshot_mcap: snapshotted 2711 pools at 2026-10-10T13:26:34Z
snapshot exit 0
exits: top=5 new_sells=0
buy_radar: top=5 new_top_buys=0
buy_convergence: good=33 new_good_buys=0
=== 2026-10-10T13:43:41Z ===
ok pools=9871 runners=44 trades=23267 fresh=39 watched=25
watch exit 0
# credits used 120, wallets 44
smart_wallets exit 0
snapshot_mcap: snapshotted 2714 pools at 2026-10-10T13:44:39Z
snapshot exit 0
exits: top=5 new_sells=0
buy_radar: top=5 new_top_buys=0
buy_convergence: good=33 new_good_buys=0
=== 2026-10-10T13:58:46Z ===
watch exit 124
# credits used 120, wallets 44
smart_wallets exit 0
snapshot_mcap: snapshotted 2714 pools at 2026-10-10T14:05:43Z
snapshot exit 0
exits: top=5 new_sells=0
buy_radar: top=5 new_top_buys=0
buy_convergence: good=33 new_good_buys=0
=== 2026-10-10T14:17:39Z ===
watch exit 124
# credits used 120, wallets 44
smart_wallets exit 0
snapshot_mcap: snapshotted 2714 pools at 2026-10-10T14:24:37Z
snapshot exit 0
exits: top=5 new_sells=0
buy_radar: top=5 new_top_buys=0
buy_convergence: good=33 new_good_buys=0
=== 2026-10-10T14:35:31Z ===
ok pools=9962 runners=44 trades=23491 fresh=34 watched=25
watch exit 0
# credits used 120, wallets 44
smart_wallets exit 0
snapshot_mcap: snapshotted 2688 pools at 2026-10-10T14:36:29Z
snapshot exit 0
exits: top=5 new_sells=0
buy_radar: top=5 new_top_buys=0
buy_convergence: good=33 new_good_buys=0
